Warning : only hits between 11h and 12h have been taken into account
/temps/ (2hits)
/temps/style_emploi_du_temps.css (1hits)
/temps/FondInsa.jpg (1hits)
/page2.html (1hits)
/SiteWebIF/Intranet-etudiant.php (1hits)
