Dot-file petit.dot generated
/page2.html (3hits)
/temps/suivant.gif (2hits)
/temps/choix.gif (2hits)
/temps/3IF39.html (2hits)
/temps/ (2hits)
/temps/style_emploi_du_temps.css (1hits)
/temps/precedent.gif (1hits)
/temps/InsaIF.ico (1hits)
/temps/FondInsa.jpg (1hits)
/temps/4IF39.html (1hits)
