Erreur: l'option -g doit avoir un nom de fichier .dot comme argument.
