Erreur: dans l'option -t, l'heure doit Ãªtre comprise entre 0 et 23 heures.
