Erreur: l'option -t doit avoir un entier comme argument.
