Warning : documents with extension .css/.jpg/.js have been ignored
/page2.html (3hits)
/temps/suivant.gif (2hits)
/temps/choix.gif (2hits)
/temps/3IF39.html (2hits)
/temps/ (2hits)
/temps/precedent.gif (1hits)
/temps/InsaIF.ico (1hits)
/temps/4IF39.html (1hits)
/page3.html (1hits)
/SiteWebIF/Intranet-etudiant.php (1hits)
