Erreur: Il faut mettre le nom du fichier dans la commande
